INICIO: Extraindo Controle 2025
OK: Planilha Planilha de Controle - 2025 aberta
Processando: 🟥 COMPRAS
OK: 🟥 COMPRAS - 1594 registros
Processando: 🟥 AÇÕES
OK: 🟥 AÇÕES - 689 registros
Processando: ℹ️ FILTRO_PROD.
OK: ℹ️ FILTRO_PROD. - 773 registros
Processando: 🟥 COORD
OK: 🟥 COORD - 29 registros
Processando: ℹ️ FORMAÇÕES
OK: ℹ️ FORMAÇÕES - 837 registros
Processando: ℹ️ DAT
OK: ℹ️ DAT - 932 registros
Processando: ℹ️ FORMAÇÕES - ANTIGA
OK: ℹ️ FORMAÇÕES - ANTIGA - 409 registros
Processando: ℹ️ Antiga - DAT
OK: ℹ️ Antiga - DAT - 783 registros
Processando: 🖥️FORMAÇÕES
OK: 🖥️FORMAÇÕES - 50500 registros
Processando: ☑️ CADASTROS (Antiga)
OK: ☑️ CADASTROS (Antiga) - 238 registros
Processando: ☑️ CADASTROS
OK: ☑️ CADASTROS - 1502 registros
Processando: ⚙️ CONFIG
OK: ⚙️ CONFIG - 3504 registros
