2025-09-01 19:59:09,822 - migration.Command - INFO - Iniciando Command
2025-09-01 19:59:09,823 - migration.Command - INFO - Opções: {'verbosity': 1, 'settings': None, 'pythonpath': None, 'traceback': False, 'no_color': False, 'force_color': False, 'skip_checks': False, 'source': 'extracted_usuarios.json', 'worksheet': None, 'batch_size': 500, 'dry_run': False, 'validate_only': True, 'force': False, 'verbose': False, 'create_django_users': False, 'update_existing': False}
2025-09-01 19:59:09,824 - migration.Command - ERROR - ERRO: Erro na validação específica: name 'json_loader' is not defined
2025-09-01 19:59:37,737 - migration.Command - INFO - Iniciando Command
2025-09-01 19:59:37,737 - migration.Command - INFO - Opções: {'verbosity': 1, 'settings': None, 'pythonpath': None, 'traceback': False, 'no_color': False, 'force_color': False, 'skip_checks': False, 'source': 'extracted_usuarios.json', 'worksheet': None, 'batch_size': 500, 'dry_run': False, 'validate_only': True, 'force': False, 'verbose': False, 'create_django_users': False, 'update_existing': False}
2025-09-01 19:59:37,737 - migration.Command - ERROR - Erro na migração: No module named 'core.management.utils'
2025-09-01 20:00:01,852 - migration.Command - INFO - Iniciando Command
2025-09-01 20:00:01,853 - migration.Command - INFO - Opções: {'verbosity': 1, 'settings': None, 'pythonpath': None, 'traceback': False, 'no_color': False, 'force_color': False, 'skip_checks': False, 'source': 'extracted_usuarios.json', 'worksheet': None, 'batch_size': 500, 'dry_run': False, 'validate_only': True, 'force': False, 'verbose': False, 'create_django_users': False, 'update_existing': False}
2025-09-01 20:00:09,411 - migration.Command - INFO - Iniciando Command
2025-09-01 20:00:09,411 - migration.Command - INFO - Opções: {'verbosity': 1, 'settings': None, 'pythonpath': None, 'traceback': False, 'no_color': False, 'force_color': False, 'skip_checks': False, 'source': 'extracted_usuarios.json', 'worksheet': 'Ativos', 'batch_size': 500, 'dry_run': True, 'validate_only': False, 'force': False, 'verbose': True, 'create_django_users': False, 'update_existing': False}
2025-09-01 20:00:09,412 - migration.Command - ERROR - ERRO: Erro ao processar registro: Usuario() got unexpected keyword arguments: 'nome', 'nome_completo', 'cpf', 'telefone', 'ativo', 'observacoes', 'perfil' | Contexto: {'Nome': 'Alysson Macedo', 'CPF': '67153887334', 'Email': 'alysson.macedo@gmail.com'}
2025-09-01 20:00:09,413 - migration.Command - ERROR - ERRO: Erro ao processar registro: Usuario() got unexpected keyword arguments: 'nome', 'nome_completo', 'cpf', 'telefone', 'ativo', 'observacoes', 'perfil' | Contexto: {'Nome': 'Amanda Arruda', 'CPF': '04944374305', 'Email': 'coordenacao80@aprendereditora.com.br'}
2025-09-01 20:00:09,413 - migration.Command - ERROR - ERRO: Erro ao processar registro: Usuario() got unexpected keyword arguments: 'nome', 'nome_completo', 'cpf', 'telefone', 'ativo', 'observacoes', 'perfil' | Contexto: {'Nome': 'Amanda Sales', 'CPF': '05884229321', 'Email': 'amandasalesr@gmail.com'}
2025-09-01 20:00:09,413 - migration.Command - ERROR - ERRO: Erro ao processar registro: Usuario() got unexpected keyword arguments: 'nome', 'nome_completo', 'cpf', 'telefone', 'ativo', 'observacoes', 'perfil' | Contexto: {'Nome': 'Ana Claudia', 'CPF': '61716405300', 'Email': 'claudiaprofmatt@gmail.com'}
2025-09-01 20:00:09,413 - migration.Command - ERROR - ERRO: Erro ao processar registro: Usuario() got unexpected keyword arguments: 'nome', 'nome_completo', 'cpf', 'telefone', 'ativo', 'observacoes', 'perfil' | Contexto: {'Nome': 'Ana Claúdia Almeida', 'CPF': '61716405300', 'Email': 'claudiaprofmatt@gmail.com'}
2025-09-01 20:00:09,413 - migration.Command - ERROR - ERRO: Erro ao processar registro: Usuario() got unexpected keyword arguments: 'nome', 'nome_completo', 'cpf', 'telefone', 'ativo', 'observacoes', 'perfil' | Contexto: {'Nome': 'Ana Kariny', 'CPF': '06512633369', 'Email': 'anakarinyak2021@gmail.com'}
2025-09-01 20:00:09,413 - migration.Command - ERROR - ERRO: Erro ao processar registro: Usuario() got unexpected keyword arguments: 'nome', 'nome_completo', 'cpf', 'telefone', 'ativo', 'observacoes', 'perfil' | Contexto: {'Nome': 'Ana Paula', 'CPF': '37045652372', 'Email': 'coordenacao9@aprendereditora.com.br'}
2025-09-01 20:00:09,414 - migration.Command - ERROR - ERRO: Erro ao processar registro: Usuario() got unexpected keyword arguments: 'nome', 'nome_completo', 'cpf', 'telefone', 'ativo', 'observacoes', 'perfil' | Contexto: {'Nome': 'Analine Parente', 'CPF': '62996177304', 'Email': 'coordenacao100@aprendereditora.com.br'}
2025-09-01 20:00:09,414 - migration.Command - ERROR - ERRO: Erro ao processar registro: Usuario() got unexpected keyword arguments: 'nome', 'nome_completo', 'cpf', 'telefone', 'ativo', 'observacoes', 'perfil' | Contexto: {'Nome': 'Anna Lúcia', 'CPF': '04789802809', 'Email': 'annaluaprender@gmail.com'}
2025-09-01 20:00:09,414 - migration.Command - ERROR - ERRO: Erro ao processar registro: Usuario() got unexpected keyword arguments: 'nome', 'nome_completo', 'cpf', 'telefone', 'ativo', 'observacoes', 'perfil' | Contexto: {'Nome': 'Anna Patrícia', 'CPF': '01075125480', 'Email': 'annapatricia.ssmartins@gmail.com'}
2025-09-01 20:00:09,414 - migration.Command - ERROR - ERRO: Erro ao processar registro: Usuario() got unexpected keyword arguments: 'nome', 'nome_completo', 'cpf', 'telefone', 'ativo', 'observacoes', 'perfil' | Contexto: {'Nome': 'Antonio Edson', 'CPF': '02972511395', 'Email': 'edson.crat@gmail.com'}
2025-09-01 20:00:09,414 - migration.Command - ERROR - ERRO: Erro ao processar registro: Usuario() got unexpected keyword arguments: 'nome', 'nome_completo', 'cpf', 'telefone', 'ativo', 'observacoes', 'perfil' | Contexto: {'Nome': 'Antonio Furtado', 'CPF': '00927639360', 'Email': 'landimneto@gmail.com'}
2025-09-01 20:00:09,414 - migration.Command - ERROR - ERRO: Erro ao processar registro: Usuario() got unexpected keyword arguments: 'nome', 'nome_completo', 'cpf', 'telefone', 'ativo', 'observacoes', 'perfil' | Contexto: {'Nome': 'Ariana Coelho', 'CPF': '34473530663', 'Email': 'arianarochaaprender@gmail.com'}
2025-09-01 20:00:09,414 - migration.Command - ERROR - ERRO: Erro ao processar registro: Usuario() got unexpected keyword arguments: 'nome', 'nome_completo', 'cpf', 'telefone', 'ativo', 'observacoes', 'perfil' | Contexto: {'Nome': 'Aurea Lucia', 'CPF': '47769262372', 'Email': 'coordenacao5@aprendereditora.com.br'}
2025-09-01 20:00:09,414 - migration.Command - ERROR - ERRO: Erro ao processar registro: Usuario() got unexpected keyword arguments: 'nome', 'nome_completo', 'cpf', 'telefone', 'ativo', 'observacoes', 'perfil' | Contexto: {'Nome': 'Ayla Maria', 'CPF': '22987622368', 'Email': 'aylaparaguassu@gmail.com'}
2025-09-01 20:00:09,415 - migration.Command - ERROR - ERRO: Erro ao processar registro: Usuario() got unexpected keyword arguments: 'nome', 'nome_completo', 'cpf', 'telefone', 'ativo', 'observacoes', 'perfil' | Contexto: {'Nome': 'Beatriz Helena', 'CPF': '63493071353', 'Email': 'coordenacao40@aprendereditora.com.br'}
2025-09-01 20:00:09,415 - migration.Command - ERROR - ERRO: Erro ao processar registro: Usuario() got unexpected keyword arguments: 'nome', 'nome_completo', 'cpf', 'telefone', 'ativo', 'observacoes', 'perfil' | Contexto: {'Nome': 'Bruno Teles', 'CPF': '82320608591', 'Email': 'coordenacao10@aprendereditora.com.br'}
2025-09-01 20:00:09,415 - migration.Command - ERROR - ERRO: Erro ao processar registro: Usuario() got unexpected keyword arguments: 'nome', 'nome_completo', 'cpf', 'telefone', 'ativo', 'observacoes', 'perfil' | Contexto: {'Nome': 'Claudiana Maria', 'CPF': '00391703307', 'Email': 'claudianagb34@gmail.com'}
2025-09-01 20:00:09,415 - migration.Command - ERROR - ERRO: Erro ao processar registro: Usuario() got unexpected keyword arguments: 'nome', 'nome_completo', 'cpf', 'telefone', 'ativo', 'observacoes', 'perfil' | Contexto: {'Nome': 'Daniel Gomes', 'CPF': '00487477340', 'Email': 'coordenacao30@aprendereditora.com.br'}
2025-09-01 20:00:09,415 - migration.Command - ERROR - ERRO: Erro ao processar registro: Usuario() got unexpected keyword arguments: 'nome', 'nome_completo', 'cpf', 'telefone', 'ativo', 'observacoes', 'perfil' | Contexto: {'Nome': 'Daniele Cristina', 'CPF': '01779383312', 'Email': 'coordenacao70@aprendereditora.com.br'}
2025-09-01 20:00:09,415 - migration.Command - ERROR - ERRO: Erro ao processar registro: Usuario() got unexpected keyword arguments: 'nome', 'nome_completo', 'cpf', 'telefone', 'ativo', 'observacoes', 'perfil' | Contexto: {'Nome': 'Danielle Fernandes', 'CPF': '00799156396', 'Email': 'dhnfernandes@gmail.com'}
2025-09-01 20:00:09,415 - migration.Command - ERROR - ERRO: Erro ao processar registro: Usuario() got unexpected keyword arguments: 'nome', 'nome_completo', 'cpf', 'telefone', 'ativo', 'observacoes', 'perfil' | Contexto: {'Nome': 'Danielle Fernandes', 'CPF': '00799156396', 'Email': 'dhnfernandes@gmail.com'}
2025-09-01 20:00:09,415 - migration.Command - ERROR - ERRO: Erro ao processar registro: Usuario() got unexpected keyword arguments: 'nome', 'nome_completo', 'cpf', 'telefone', 'ativo', 'observacoes', 'perfil' | Contexto: {'Nome': 'David Ribeiro', 'CPF': '00955654343', 'Email': 'david.ojesed@gmail.com'}
2025-09-01 20:00:09,416 - migration.Command - ERROR - ERRO: Erro ao processar registro: Usuario() got unexpected keyword arguments: 'nome', 'nome_completo', 'cpf', 'telefone', 'ativo', 'observacoes', 'perfil' | Contexto: {'Nome': 'Denise Carlos', 'CPF': '08919725870', 'Email': 'denisecol36@gmail.com'}
2025-09-01 20:00:09,416 - migration.Command - ERROR - ERRO: Erro ao processar registro: Usuario() got unexpected keyword arguments: 'nome', 'nome_completo', 'cpf', 'telefone', 'ativo', 'observacoes', 'perfil' | Contexto: {'Nome': 'Deuzirane Nunes', 'CPF': '74034243368', 'Email': 'deuziraneaprender@gmail.com'}
2025-09-01 20:00:09,416 - migration.Command - ERROR - ERRO: Erro ao processar registro: Usuario() got unexpected keyword arguments: 'nome', 'nome_completo', 'cpf', 'telefone', 'ativo', 'observacoes', 'perfil' | Contexto: {'Nome': 'Diego Tavares', 'CPF': '02483867359', 'Email': 'professordiegotavares@gmail.com'}
2025-09-01 20:00:09,416 - migration.Command - ERROR - ERRO: Erro ao processar registro: Usuario() got unexpected keyword arguments: 'nome', 'nome_completo', 'cpf', 'telefone', 'ativo', 'observacoes', 'perfil' | Contexto: {'Nome': 'Douglas Wígner', 'CPF': '06474565322', 'Email': 'douglaswignerbrasil@gmail.com'}
2025-09-01 20:00:09,416 - migration.Command - ERROR - ERRO: Erro ao processar registro: Usuario() got unexpected keyword arguments: 'nome', 'nome_completo', 'cpf', 'telefone', 'ativo', 'observacoes', 'perfil' | Contexto: {'Nome': 'Elaine Mendes', 'CPF': '05355748350', 'Email': 'ellainneediaprender23@gmail.com'}
2025-09-01 20:00:09,416 - migration.Command - ERROR - ERRO: Erro ao processar registro: Usuario() got unexpected keyword arguments: 'nome', 'nome_completo', 'cpf', 'telefone', 'ativo', 'observacoes', 'perfil' | Contexto: {'Nome': 'Elienai Oliveira', 'CPF': '04245157330', 'Email': 'coordenacao21@aprendereditora.com.br'}
2025-09-01 20:00:09,416 - migration.Command - ERROR - ERRO: Erro ao processar registro: Usuario() got unexpected keyword arguments: 'nome', 'nome_completo', 'cpf', 'telefone', 'ativo', 'observacoes', 'perfil' | Contexto: {'Nome': 'Elisângela Soares', 'CPF': '83849742334', 'Email': 'zangelasoares14@gmail.com'}
2025-09-01 20:00:09,416 - migration.Command - ERROR - ERRO: Erro ao processar registro: Usuario() got unexpected keyword arguments: 'nome', 'nome_completo', 'cpf', 'telefone', 'ativo', 'observacoes', 'perfil' | Contexto: {'Nome': 'Elizabete Lima', 'CPF': '00026317338', 'Email': 'elizabetelima.aprender@gmail.com'}
2025-09-01 20:00:09,417 - migration.Command - ERROR - ERRO: Erro ao processar registro: Usuario() got unexpected keyword arguments: 'nome', 'nome_completo', 'cpf', 'telefone', 'ativo', 'observacoes', 'perfil' | Contexto: {'Nome': 'Ellen Damares', 'CPF': '87521105320', 'Email': 'coordenacao41@aprendereditora.com.br'}
2025-09-01 20:00:09,417 - migration.Command - ERROR - ERRO: Erro ao processar registro: Usuario() got unexpected keyword arguments: 'nome', 'nome_completo', 'cpf', 'telefone', 'ativo', 'observacoes', 'perfil' | Contexto: {'Nome': 'Estela Maria', 'CPF': '06322825330', 'Email': 'estelamariasouza@gmail.com'}
2025-09-01 20:00:09,421 - migration.Command - ERROR - ERRO: Erro ao processar registro: Usuario() got unexpected keyword arguments: 'nome', 'nome_completo', 'cpf', 'telefone', 'ativo', 'observacoes', 'perfil' | Contexto: {'Nome': 'Eulina Carmem', 'CPF': '81829205315', 'Email': 'coordenacao1@aprendereditora.com.br'}
2025-09-01 20:00:09,421 - migration.Command - ERROR - ERRO: Erro ao processar registro: Usuario() got unexpected keyword arguments: 'nome', 'nome_completo', 'cpf', 'telefone', 'ativo', 'observacoes', 'perfil' | Contexto: {'Nome': 'Fabíola Martins', 'CPF': '41692128353', 'Email': 'fabilbm06@gmail.com'}
2025-09-01 20:00:09,422 - migration.Command - ERROR - ERRO: Erro ao processar registro: Usuario() got unexpected keyword arguments: 'nome', 'nome_completo', 'cpf', 'telefone', 'ativo', 'observacoes', 'perfil' | Contexto: {'Nome': 'Fabíola Morais', 'CPF': '02723518302', 'Email': 'coordenacao14@aprendereditora.com.br'}
2025-09-01 20:00:09,422 - migration.Command - ERROR - ERRO: Erro ao processar registro: Usuario() got unexpected keyword arguments: 'nome', 'nome_completo', 'cpf', 'telefone', 'ativo', 'observacoes', 'perfil' | Contexto: {'Nome': 'Fabrícia Santos', 'CPF': '09561166470', 'Email': 'fabriciasmacedo@gmail.com'}
2025-09-01 20:00:09,422 - migration.Command - ERROR - ERRO: Erro ao processar registro: Usuario() got unexpected keyword arguments: 'nome', 'nome_completo', 'cpf', 'telefone', 'ativo', 'observacoes', 'perfil' | Contexto: {'Nome': 'Fernanda Ramos', 'CPF': '00564395390', 'Email': 'gerencia1.projetos1@aprendereditora.com.br'}
2025-09-01 20:00:09,422 - migration.Command - ERROR - ERRO: Erro ao processar registro: Usuario() got unexpected keyword arguments: 'nome', 'nome_completo', 'cpf', 'telefone', 'ativo', 'observacoes', 'perfil' | Contexto: {'Nome': 'Gabriel Oliveira', 'CPF': '07923793301', 'Email': 'profgabrielsouto@gmail.com'}
2025-09-01 20:00:09,423 - migration.Command - ERROR - ERRO: Erro ao processar registro: Usuario() got unexpected keyword arguments: 'nome', 'nome_completo', 'cpf', 'telefone', 'ativo', 'observacoes', 'perfil' | Contexto: {'Nome': 'Gabriela Duarte', 'CPF': '86987585334', 'Email': 'apoio.coordenacao7@aprendereditora.com.br'}
2025-09-01 20:00:09,423 - migration.Command - ERROR - ERRO: Erro ao processar registro: Usuario() got unexpected keyword arguments: 'nome', 'nome_completo', 'cpf', 'telefone', 'ativo', 'observacoes', 'perfil' | Contexto: {'Nome': 'Germana Mirla', 'CPF': '82774854334', 'Email': 'mirlaeducacao@gmail.com'}
2025-09-01 20:00:09,423 - migration.Command - ERROR - ERRO: Erro ao processar registro: Usuario() got unexpected keyword arguments: 'nome', 'nome_completo', 'cpf', 'telefone', 'ativo', 'observacoes', 'perfil' | Contexto: {'Nome': 'Gilcilene Pinheiro', 'CPF': '02049351305', 'Email': 'coordenacao3@aprendereditora.com.br'}
2025-09-01 20:00:09,423 - migration.Command - ERROR - ERRO: Erro ao processar registro: Usuario() got unexpected keyword arguments: 'nome', 'nome_completo', 'cpf', 'telefone', 'ativo', 'observacoes', 'perfil' | Contexto: {'Nome': 'Glaubia Pinheiro', 'CPF': '01238022375', 'Email': 'glaubiapinheiro@gmail.com'}
2025-09-01 20:00:09,423 - migration.Command - ERROR - ERRO: Erro ao processar registro: Usuario() got unexpected keyword arguments: 'nome', 'nome_completo', 'cpf', 'telefone', 'ativo', 'observacoes', 'perfil' | Contexto: {'Nome': 'Gleice Anne', 'CPF': '76255735320', 'Email': 'gerencia.projetos5@aprendereditora.com.br'}
2025-09-01 20:00:09,423 - migration.Command - ERROR - ERRO: Erro ao processar registro: Usuario() got unexpected keyword arguments: 'nome', 'nome_completo', 'cpf', 'telefone', 'ativo', 'observacoes', 'perfil' | Contexto: {'Nome': 'Gleiciane Sousa', 'CPF': '01253367302', 'Email': 'gleicianeeditoraaprender@gmail.com'}
2025-09-01 20:00:09,424 - migration.Command - ERROR - ERRO: Erro ao processar registro: Usuario() got unexpected keyword arguments: 'nome', 'nome_completo', 'cpf', 'telefone', 'ativo', 'observacoes', 'perfil' | Contexto: {'Nome': 'Hugo Ribeiro', 'CPF': '60362932328', 'Email': 'hugoaprendereditora@gmail.com'}
2025-09-01 20:00:09,424 - migration.Command - ERROR - ERRO: Erro ao processar registro: Usuario() got unexpected keyword arguments: 'nome', 'nome_completo', 'cpf', 'telefone', 'ativo', 'observacoes', 'perfil' | Contexto: {'Nome': 'Humberto Luciano', 'CPF': '28677590803', 'Email': 'betozirpolli.aprender@gmail.com'}
2025-09-01 20:00:09,424 - migration.Command - ERROR - ERRO: Erro ao processar registro: Usuario() got unexpected keyword arguments: 'nome', 'nome_completo', 'cpf', 'telefone', 'ativo', 'observacoes', 'perfil' | Contexto: {'Nome': 'Iago Oliveira', 'CPF': '03031196325', 'Email': 'iagoprofparticular@gmail.com'}
2025-09-01 20:00:09,424 - migration.Command - ERROR - ERRO: Erro ao processar registro: Usuario() got unexpected keyword arguments: 'nome', 'nome_completo', 'cpf', 'telefone', 'ativo', 'observacoes', 'perfil' | Contexto: {'Nome': 'Icaro Maciel', 'CPF': '05465904380', 'Email': 'icarochaves.aprender@gmail.com'}
2025-09-01 20:00:09,424 - migration.Command - ERROR - ERRO: Erro ao processar registro: Usuario() got unexpected keyword arguments: 'nome', 'nome_completo', 'cpf', 'telefone', 'ativo', 'observacoes', 'perfil' | Contexto: {'Nome': 'Isabel Kerssia', 'CPF': '62688901320', 'Email': 'isabel15kerssia@gmail.com'}
2025-09-01 20:00:09,424 - migration.Command - ERROR - ERRO: Erro ao processar registro: Usuario() got unexpected keyword arguments: 'nome', 'nome_completo', 'cpf', 'telefone', 'ativo', 'observacoes', 'perfil' | Contexto: {'Nome': 'Janieri Martins', 'CPF': '00377938378', 'Email': 'janieriaajj@gmail.com'}
2025-09-01 20:00:09,424 - migration.Command - ERROR - ERRO: Erro ao processar registro: Usuario() got unexpected keyword arguments: 'nome', 'nome_completo', 'cpf', 'telefone', 'ativo', 'observacoes', 'perfil' | Contexto: {'Nome': 'Jarbas Marcelino', 'CPF': '01140417339', 'Email': 'jarbasnogueiraoliveira@gmail.com'}
2025-09-01 20:00:09,424 - migration.Command - ERROR - ERRO: Erro ao processar registro: Usuario() got unexpected keyword arguments: 'nome', 'nome_completo', 'cpf', 'telefone', 'ativo', 'observacoes', 'perfil' | Contexto: {'Nome': 'Jeane Félix', 'CPF': '95462384300', 'Email': 'coordenacao2@aprendereditora.com.br'}
2025-09-01 20:00:09,425 - migration.Command - ERROR - ERRO: Erro ao processar registro: Usuario() got unexpected keyword arguments: 'nome', 'nome_completo', 'cpf', 'telefone', 'ativo', 'observacoes', 'perfil' | Contexto: {'Nome': 'João Carvalho', 'CPF': '89255933434', 'Email': 'joaojunioreditoraaprender@gmail.com'}
2025-09-01 20:00:09,425 - migration.Command - ERROR - ERRO: Erro ao processar registro: Usuario() got unexpected keyword arguments: 'nome', 'nome_completo', 'cpf', 'telefone', 'ativo', 'observacoes', 'perfil' | Contexto: {'Nome': 'João Marcos', 'CPF': '60378057332', 'Email': 'jmmarcos825@gmail.com'}
2025-09-01 20:00:09,425 - migration.Command - ERROR - ERRO: Erro ao processar registro: Usuario() got unexpected keyword arguments: 'nome', 'nome_completo', 'cpf', 'telefone', 'ativo', 'observacoes', 'perfil' | Contexto: {'Nome': 'Jonathan Araújo', 'CPF': '04680230380', 'Email': 'apoio.coordenacao4@aprendereditora.com.br'}
2025-09-01 20:00:09,425 - migration.Command - ERROR - ERRO: Erro ao processar registro: Usuario() got unexpected keyword arguments: 'nome', 'nome_completo', 'cpf', 'telefone', 'ativo', 'observacoes', 'perfil' | Contexto: {'Nome': 'Jonathan Araújo', 'CPF': '04680230380', 'Email': 'apoio.coordenacao4@aprendereditora.com.br'}
2025-09-01 20:00:09,425 - migration.Command - ERROR - ERRO: Erro ao processar registro: Usuario() got unexpected keyword arguments: 'nome', 'nome_completo', 'cpf', 'telefone', 'ativo', 'observacoes', 'perfil' | Contexto: {'Nome': 'Júlia Rodrigues', 'CPF': '06827662322', 'Email': 'juliarmouta@gmail.com'}
2025-09-01 20:00:09,425 - migration.Command - ERROR - ERRO: Erro ao processar registro: Usuario() got unexpected keyword arguments: 'nome', 'nome_completo', 'cpf', 'telefone', 'ativo', 'observacoes', 'perfil' | Contexto: {'Nome': 'Juliana Guerreiro', 'CPF': '31949102807', 'Email': 'julianalichyaprender@gmail.com'}
2025-09-01 20:00:09,425 - migration.Command - ERROR - ERRO: Erro ao processar registro: Usuario() got unexpected keyword arguments: 'nome', 'nome_completo', 'cpf', 'telefone', 'ativo', 'observacoes', 'perfil' | Contexto: {'Nome': 'Katy Araújo', 'CPF': '44092717334', 'Email': 'gerencia.projetos4@aprendereditora.com.br'}
2025-09-01 20:00:09,425 - migration.Command - ERROR - ERRO: Erro ao processar registro: Usuario() got unexpected keyword arguments: 'nome', 'nome_completo', 'cpf', 'telefone', 'ativo', 'observacoes', 'perfil' | Contexto: {'Nome': 'Laís Aline', 'CPF': '67188940363', 'Email': 'coordenacao42@aprendereditora.com.br'}
2025-09-01 20:00:09,426 - migration.Command - ERROR - ERRO: Erro ao processar registro: Usuario() got unexpected keyword arguments: 'nome', 'nome_completo', 'cpf', 'telefone', 'ativo', 'observacoes', 'perfil' | Contexto: {'Nome': 'Lázaro Teixeira', 'CPF': '04632565300', 'Email': 'apoio.coordenacao8@aprendereditora.com.br'}
2025-09-01 20:00:09,426 - migration.Command - ERROR - ERRO: Erro ao processar registro: Usuario() got unexpected keyword arguments: 'nome', 'nome_completo', 'cpf', 'telefone', 'ativo', 'observacoes', 'perfil' | Contexto: {'Nome': 'Leidiane Sousa', 'CPF': '02393721312', 'Email': 'coordenacao50@aprendereditora.com.br'}
2025-09-01 20:00:09,426 - migration.Command - ERROR - ERRO: Erro ao processar registro: Usuario() got unexpected keyword arguments: 'nome', 'nome_completo', 'cpf', 'telefone', 'ativo', 'observacoes', 'perfil' | Contexto: {'Nome': 'Lidiane Oliveira', 'CPF': '80257879315', 'Email': 'psicopedagogalidianemoraes@gmail.com'}
2025-09-01 20:00:09,426 - migration.Command - ERROR - ERRO: Erro ao processar registro: Usuario() got unexpected keyword arguments: 'nome', 'nome_completo', 'cpf', 'telefone', 'ativo', 'observacoes', 'perfil' | Contexto: {'Nome': 'Lívia Mara', 'CPF': '07033045344', 'Email': 'apoio.coordenacao2@aprendereditora.com.br'}
2025-09-01 20:00:09,427 - migration.Command - ERROR - ERRO: Erro ao processar registro: Usuario() got unexpected keyword arguments: 'nome', 'nome_completo', 'cpf', 'telefone', 'ativo', 'observacoes', 'perfil' | Contexto: {'Nome': 'Lourene Pinheiro', 'CPF': '71843582368', 'Email': 'coordenacao90@aprendereditora.com.br'}
2025-09-01 20:00:09,427 - migration.Command - ERROR - ERRO: Erro ao processar registro: Usuario() got unexpected keyword arguments: 'nome', 'nome_completo', 'cpf', 'telefone', 'ativo', 'observacoes', 'perfil' | Contexto: {'Nome': 'Lyziane Maria', 'CPF': '00417566301', 'Email': 'lyzaprender@gmail.com'}
2025-09-01 20:00:09,427 - migration.Command - ERROR - ERRO: Erro ao processar registro: Usuario() got unexpected keyword arguments: 'nome', 'nome_completo', 'cpf', 'telefone', 'ativo', 'observacoes', 'perfil' | Contexto: {'Nome': 'Manuela Fonseca', 'CPF': '41926145372', 'Email': 'coordenacao4@aprendereditora.com.br'}
2025-09-01 20:00:09,427 - migration.Command - ERROR - ERRO: Erro ao processar registro: Usuario() got unexpected keyword arguments: 'nome', 'nome_completo', 'cpf', 'telefone', 'ativo', 'observacoes', 'perfil' | Contexto: {'Nome': 'Marcela Sousa', 'CPF': '95863834315', 'Email': 'marcelatia.ms@gmail.com'}
2025-09-01 20:00:09,428 - migration.Command - ERROR - ERRO: Erro ao processar registro: Usuario() got unexpected keyword arguments: 'nome', 'nome_completo', 'cpf', 'telefone', 'ativo', 'observacoes', 'perfil' | Contexto: {'Nome': 'Marcos Randall', 'CPF': '01809797365', 'Email': 'randall.ufc@gmail.com'}
2025-09-01 20:00:09,428 - migration.Command - ERROR - ERRO: Erro ao processar registro: Usuario() got unexpected keyword arguments: 'nome', 'nome_completo', 'cpf', 'telefone', 'ativo', 'observacoes', 'perfil' | Contexto: {'Nome': 'Maria Auxiliadora', 'CPF': '69683735304', 'Email': 'professoraauxiliadora.uece@gmail.com'}
2025-09-01 20:00:09,428 - migration.Command - ERROR - ERRO: Erro ao processar registro: Usuario() got unexpected keyword arguments: 'nome', 'nome_completo', 'cpf', 'telefone', 'ativo', 'observacoes', 'perfil' | Contexto: {'Nome': 'Maria Cristina', 'CPF': '12972082850', 'Email': 'gerencia.projetos1@aprendereditora.com.br'}
2025-09-01 20:00:09,428 - migration.Command - ERROR - ERRO: Erro ao processar registro: Usuario() got unexpected keyword arguments: 'nome', 'nome_completo', 'cpf', 'telefone', 'ativo', 'observacoes', 'perfil' | Contexto: {'Nome': 'Maria Joelma', 'CPF': '91382238304', 'Email': 'mariajoelma.alves40@gmail.com'}
2025-09-01 20:00:09,428 - migration.Command - ERROR - ERRO: Erro ao processar registro: Usuario() got unexpected keyword arguments: 'nome', 'nome_completo', 'cpf', 'telefone', 'ativo', 'observacoes', 'perfil' | Contexto: {'Nome': 'Maria Leidiane', 'CPF': '02720941379', 'Email': 'leidianesousa554@gmail.com'}
2025-09-01 20:00:09,428 - migration.Command - ERROR - ERRO: Erro ao processar registro: Usuario() got unexpected keyword arguments: 'nome', 'nome_completo', 'cpf', 'telefone', 'ativo', 'observacoes', 'perfil' | Contexto: {'Nome': 'Maria Nadir', 'CPF': '00370502302', 'Email': 'coordenacao12@aprendereditora.com.br'}
2025-09-01 20:00:09,429 - migration.Command - ERROR - ERRO: Erro ao processar registro: Usuario() got unexpected keyword arguments: 'nome', 'nome_completo', 'cpf', 'telefone', 'ativo', 'observacoes', 'perfil' | Contexto: {'Nome': 'Maria Solange', 'CPF': '86324020304', 'Email': 'gerencia3.projetos1@aprendereditora.com.br'}
2025-09-01 20:00:09,429 - migration.Command - ERROR - ERRO: Erro ao processar registro: Usuario() got unexpected keyword arguments: 'nome', 'nome_completo', 'cpf', 'telefone', 'ativo', 'observacoes', 'perfil' | Contexto: {'Nome': 'Mazuk Eeves', 'CPF': '00688637302', 'Email': 'apoio.coordenacao3@aprendereditora.com.br'}
2025-09-01 20:00:09,429 - migration.Command - ERROR - ERRO: Erro ao processar registro: Usuario() got unexpected keyword arguments: 'nome', 'nome_completo', 'cpf', 'telefone', 'ativo', 'observacoes', 'perfil' | Contexto: {'Nome': 'Michele Macedo', 'CPF': '09841910896', 'Email': 'michelerondonaprender@gmail.com'}
2025-09-01 20:00:09,429 - migration.Command - ERROR - ERRO: Erro ao processar registro: Usuario() got unexpected keyword arguments: 'nome', 'nome_completo', 'cpf', 'telefone', 'ativo', 'observacoes', 'perfil' | Contexto: {'Nome': 'Michella Rita', 'CPF': '73875589300', 'Email': 'michellatrue@gmail.com'}
2025-09-01 20:00:09,429 - migration.Command - ERROR - ERRO: Erro ao processar registro: Usuario() got unexpected keyword arguments: 'nome', 'nome_completo', 'cpf', 'telefone', 'ativo', 'observacoes', 'perfil' | Contexto: {'Nome': 'Milena Barbosa', 'CPF': '48036552353', 'Email': 'profa.millenateixeira@gmail.com'}
2025-09-01 20:00:09,429 - migration.Command - ERROR - ERRO: Erro ao processar registro: Usuario() got unexpected keyword arguments: 'nome', 'nome_completo', 'cpf', 'telefone', 'ativo', 'observacoes', 'perfil' | Contexto: {'Nome': 'Mônica Maria', 'CPF': '05443752383', 'Email': 'monykauchoa@gmail.com'}
2025-09-01 20:00:09,429 - migration.Command - ERROR - ERRO: Erro ao processar registro: Usuario() got unexpected keyword arguments: 'nome', 'nome_completo', 'cpf', 'telefone', 'ativo', 'observacoes', 'perfil' | Contexto: {'Nome': 'Mônica Silva', 'CPF': '01798182360', 'Email': 'monica2803miranda@gmail.com'}
2025-09-01 20:00:09,429 - migration.Command - ERROR - ERRO: Erro ao processar registro: Usuario() got unexpected keyword arguments: 'nome', 'nome_completo', 'cpf', 'telefone', 'ativo', 'observacoes', 'perfil' | Contexto: {'Nome': 'Nadyelle Carvalho', 'CPF': '02360880330', 'Email': 'nadyellecpsi@gmail.com'}
2025-09-01 20:00:09,430 - migration.Command - ERROR - ERRO: Erro ao processar registro: Usuario() got unexpected keyword arguments: 'nome', 'nome_completo', 'cpf', 'telefone', 'ativo', 'observacoes', 'perfil' | Contexto: {'Nome': 'Natália Gomes', 'CPF': '03974725369', 'Email': 'nataliagomesmacedo22@gmail.com'}
2025-09-01 20:00:09,430 - migration.Command - ERROR - ERRO: Erro ao processar registro: Usuario() got unexpected keyword arguments: 'nome', 'nome_completo', 'cpf', 'telefone', 'ativo', 'observacoes', 'perfil' | Contexto: {'Nome': 'Nivia Vieira', 'CPF': '07859912392', 'Email': 'apoio.coordenacao5@aprendereditora.com.br'}
2025-09-01 20:00:09,430 - migration.Command - ERROR - ERRO: Erro ao processar registro: Usuario() got unexpected keyword arguments: 'nome', 'nome_completo', 'cpf', 'telefone', 'ativo', 'observacoes', 'perfil' | Contexto: {'Nome': 'Noilma Costa', 'CPF': '93465874587', 'Email': 'noisilva40@gmail.com'}
2025-09-01 20:00:09,430 - migration.Command - ERROR - ERRO: Erro ao processar registro: Usuario() got unexpected keyword arguments: 'nome', 'nome_completo', 'cpf', 'telefone', 'ativo', 'observacoes', 'perfil' | Contexto: {'Nome': 'Patrícia Lemos', 'CPF': '69165246349', 'Email': 'gerencia.projetos2@aprendereditora.com.br'}
2025-09-01 20:00:09,430 - migration.Command - ERROR - ERRO: Erro ao processar registro: Usuario() got unexpected keyword arguments: 'nome', 'nome_completo', 'cpf', 'telefone', 'ativo', 'observacoes', 'perfil' | Contexto: {'Nome': 'Patrycia Lanne', 'CPF': '66524326334', 'Email': 'patyinsty@gmail.com'}
2025-09-01 20:00:09,430 - migration.Command - ERROR - ERRO: Erro ao processar registro: Usuario() got unexpected keyword arguments: 'nome', 'nome_completo', 'cpf', 'telefone', 'ativo', 'observacoes', 'perfil' | Contexto: {'Nome': 'Paula Freire', 'CPF': '68214227372', 'Email': 'gerencia2.projetos1@aprendereditora.com.br'}
2025-09-01 20:00:09,430 - migration.Command - ERROR - ERRO: Erro ao processar registro: Usuario() got unexpected keyword arguments: 'nome', 'nome_completo', 'cpf', 'telefone', 'ativo', 'observacoes', 'perfil' | Contexto: {'Nome': 'Penélope Alberto', 'CPF': '16497802819', 'Email': 'pel.aprender@gmail.com'}
2025-09-01 20:00:09,431 - migration.Command - ERROR - ERRO: Erro ao processar registro: Usuario() got unexpected keyword arguments: 'nome', 'nome_completo', 'cpf', 'telefone', 'ativo', 'observacoes', 'perfil' | Contexto: {'Nome': 'Poliane Lima', 'CPF': '88134903304', 'Email': 'meuemaildaaprender@gmail.com'}
2025-09-01 20:00:09,431 - migration.Command - ERROR - ERRO: Erro ao processar registro: Usuario() got unexpected keyword arguments: 'nome', 'nome_completo', 'cpf', 'telefone', 'ativo', 'observacoes', 'perfil' | Contexto: {'Nome': 'Rafael Rabelo', 'CPF': '96288795372', 'Email': 'coordenacao60@aprendereditora.com.br'}
2025-09-01 20:00:09,431 - migration.Command - ERROR - ERRO: Erro ao processar registro: Usuario() got unexpected keyword arguments: 'nome', 'nome_completo', 'cpf', 'telefone', 'ativo', 'observacoes', 'perfil' | Contexto: {'Nome': 'Raul Vasconcelos', 'CPF': '04173202300', 'Email': 'raulrodrigues25@gmail.com'}
2025-09-01 20:00:09,431 - migration.Command - ERROR - ERRO: Erro ao processar registro: Usuario() got unexpected keyword arguments: 'nome', 'nome_completo', 'cpf', 'telefone', 'ativo', 'observacoes', 'perfil' | Contexto: {'Nome': 'Rayane Maria', 'CPF': '04088714318', 'Email': 'rayanelaurentino.aprender@gmail.com'}
2025-09-01 20:00:09,431 - migration.Command - ERROR - ERRO: Erro ao processar registro: Usuario() got unexpected keyword arguments: 'nome', 'nome_completo', 'cpf', 'telefone', 'ativo', 'observacoes', 'perfil' | Contexto: {'Nome': 'Regianio Lima', 'CPF': '62231863391', 'Email': 'danielregianio@gmail.com'}
2025-09-01 20:00:09,431 - migration.Command - ERROR - ERRO: Erro ao processar registro: Usuario() got unexpected keyword arguments: 'nome', 'nome_completo', 'cpf', 'telefone', 'ativo', 'observacoes', 'perfil' | Contexto: {'Nome': 'Renata Lapena', 'CPF': '08937668874', 'Email': 'coordenacao7@aprendereditora.com.br'}
2025-09-01 20:00:09,431 - migration.Command - ERROR - ERRO: Erro ao processar registro: Usuario() got unexpected keyword arguments: 'nome', 'nome_completo', 'cpf', 'telefone', 'ativo', 'observacoes', 'perfil' | Contexto: {'Nome': 'Renata Nojoza', 'CPF': '53825756300', 'Email': 'coordenacao13@aprendereditora.com.br'}
2025-09-01 20:00:09,432 - migration.Command - ERROR - ERRO: Erro ao processar registro: Usuario() got unexpected keyword arguments: 'nome', 'nome_completo', 'cpf', 'telefone', 'ativo', 'observacoes', 'perfil' | Contexto: {'Nome': 'Ricardo Ítalo', 'CPF': '01894010361', 'Email': 'ricardocodu@gmail.com'}
2025-09-01 20:00:09,432 - migration.Command - ERROR - ERRO: Erro ao processar registro: Usuario() got unexpected keyword arguments: 'nome', 'nome_completo', 'cpf', 'telefone', 'ativo', 'observacoes', 'perfil' | Contexto: {'Nome': 'Rochelly Alinne', 'CPF': '58038213300', 'Email': 'rochellystedile@gmail.com'}
2025-09-01 20:00:09,432 - migration.Command - ERROR - ERRO: Erro ao processar registro: Usuario() got unexpected keyword arguments: 'nome', 'nome_completo', 'cpf', 'telefone', 'ativo', 'observacoes', 'perfil' | Contexto: {'Nome': 'Rodolfo Penha', 'CPF': '89661559368', 'Email': 'rodolfo.sena25@gmail.com'}
2025-09-01 20:00:09,432 - migration.Command - ERROR - ERRO: Erro ao processar registro: Usuario() got unexpected keyword arguments: 'nome', 'nome_completo', 'cpf', 'telefone', 'ativo', 'observacoes', 'perfil' | Contexto: {'Nome': 'Rodrigo Lima', 'CPF': '00919084346', 'Email': 'rodrigolmota2013@gmail.com'}
2025-09-01 20:00:09,432 - migration.Command - ERROR - ERRO: Erro ao processar registro: Usuario() got unexpected keyword arguments: 'nome', 'nome_completo', 'cpf', 'telefone', 'ativo', 'observacoes', 'perfil' | Contexto: {'Nome': 'Rosilene Barbosa', 'CPF': '07030397339', 'Email': 'rosilene.barbosa0411@gmail.com'}
2025-09-01 20:00:09,432 - migration.Command - ERROR - ERRO: CPF inválido: 3937779361 | Contexto: {'Nome': 'Sandra Dias', 'CPF': '3937779361', 'Email': 'sandra_soeiro@uvanet.br'}
2025-09-01 20:00:09,432 - migration.Command - ERROR - ERRO: Erro ao processar registro: Usuario() got unexpected keyword arguments: 'nome', 'nome_completo', 'cpf', 'telefone', 'ativo', 'observacoes', 'perfil' | Contexto: {'Nome': 'Silvia Jesus', 'CPF': '83077146568', 'Email': 'sacramentosilvia.editora@gmail.com'}
2025-09-01 20:00:09,433 - migration.Command - ERROR - ERRO: Erro ao processar registro: Usuario() got unexpected keyword arguments: 'nome', 'nome_completo', 'cpf', 'telefone', 'ativo', 'observacoes', 'perfil' | Contexto: {'Nome': 'Silvio Carlos', 'CPF': '02386280357', 'Email': 'coordenacao20@aprendereditora.com.br'}
2025-09-01 20:00:09,433 - migration.Command - ERROR - ERRO: Erro ao processar registro: Usuario() got unexpected keyword arguments: 'nome', 'nome_completo', 'cpf', 'telefone', 'ativo', 'observacoes', 'perfil' | Contexto: {'Nome': 'Simone Maria', 'CPF': '14416977808', 'Email': 'simonegarcia147@gmail.com'}
2025-09-01 20:00:09,433 - migration.Command - ERROR - ERRO: Erro ao processar registro: Usuario() got unexpected keyword arguments: 'nome', 'nome_completo', 'cpf', 'telefone', 'ativo', 'observacoes', 'perfil' | Contexto: {'Nome': 'Socorro Aclécia', 'CPF': '00054555370', 'Email': 'coordenacao22@aprendereditora.com.br'}
2025-09-01 20:00:09,433 - migration.Command - ERROR - ERRO: Erro ao processar registro: Usuario() got unexpected keyword arguments: 'nome', 'nome_completo', 'cpf', 'telefone', 'ativo', 'observacoes', 'perfil' | Contexto: {'Nome': 'Thaís Borges', 'CPF': '06204097385', 'Email': 'thais.ufc.93@gmail.com'}
2025-09-01 20:00:09,433 - migration.Command - ERROR - ERRO: Erro ao processar registro: Usuario() got unexpected keyword arguments: 'nome', 'nome_completo', 'cpf', 'telefone', 'ativo', 'observacoes', 'perfil' | Contexto: {'Nome': 'Thomas Sousa', 'CPF': '38128909843', 'Email': 'matematica.thomas@gmail.com'}
2025-09-01 20:00:09,433 - migration.Command - ERROR - ERRO: Erro ao processar registro: Usuario() got unexpected keyword arguments: 'nome', 'nome_completo', 'cpf', 'telefone', 'ativo', 'observacoes', 'perfil' | Contexto: {'Nome': 'Tiago Joananta', 'CPF': '02839158388', 'Email': 'coordenacao8@aprendereditora.com.br'}
2025-09-01 20:00:09,433 - migration.Command - ERROR - ERRO: Erro ao processar registro: Usuario() got unexpected keyword arguments: 'nome', 'nome_completo', 'cpf', 'telefone', 'ativo', 'observacoes', 'perfil' | Contexto: {'Nome': 'Valdemir Silva', 'CPF': '92673023372', 'Email': 'coordenacao15@aprendereditora.com.br'}
2025-09-01 20:00:09,433 - migration.Command - ERROR - ERRO: Erro ao processar registro: Usuario() got unexpected keyword arguments: 'nome', 'nome_completo', 'cpf', 'telefone', 'ativo', 'observacoes', 'perfil' | Contexto: {'Nome': 'Valdiana Santos', 'CPF': '97162132391', 'Email': 'val.aprender19@gmail.com'}
2025-09-01 20:00:09,433 - migration.Command - ERROR - ERRO: Erro ao processar registro: Usuario() got unexpected keyword arguments: 'nome', 'nome_completo', 'cpf', 'telefone', 'ativo', 'observacoes', 'perfil' | Contexto: {'Nome': 'Vanessa Angélica', 'CPF': '02461570388', 'Email': 'coordenacao11@aprendereditora.com.br'}
2025-09-01 20:00:09,434 - migration.Command - ERROR - ERRO: Erro ao processar registro: Usuario() got unexpected keyword arguments: 'nome', 'nome_completo', 'cpf', 'telefone', 'ativo', 'observacoes', 'perfil' | Contexto: {'Nome': 'Vinicius Albuquerque', 'CPF': '04437801377', 'Email': 'apoio.coordenacao6@aprendereditora.com.br'}
2025-09-01 20:00:09,434 - migration.Command - ERROR - ERRO: Erro ao processar registro: Usuario() got unexpected keyword arguments: 'nome', 'nome_completo', 'cpf', 'telefone', 'ativo', 'observacoes', 'perfil' | Contexto: {'Nome': 'Viviane Aquino', 'CPF': '62219634353', 'Email': 'vivianeaquino.aprender@gmail.com'}
2025-09-01 20:00:09,434 - migration.Command - ERROR - ERRO: Erro ao processar registro: Usuario() got unexpected keyword arguments: 'nome', 'nome_completo', 'cpf', 'telefone', 'ativo', 'observacoes', 'perfil' | Contexto: {'Nome': 'Yuri Furtado', 'CPF': '04621474367', 'Email': 'coordenacao23@aprendereditora.com.br'}
2025-09-01 20:00:09,434 - migration.Command - INFO - Migração concluída: {'total_records': 116, 'processed': 116, 'created': 0, 'updated': 0, 'skipped': 1, 'errors': 116, 'start_time': datetime.datetime(2025, 9, 1, 20, 0, 9, 411126), 'end_time': datetime.datetime(2025, 9, 1, 20, 0, 9, 434420)}
2025-09-01 20:04:37,341 - migration.Command - INFO - Iniciando Command
2025-09-01 20:04:37,342 - migration.Command - INFO - Opções: {'verbosity': 1, 'settings': None, 'pythonpath': None, 'traceback': False, 'no_color': False, 'force_color': False, 'skip_checks': False, 'source': 'extracted_usuarios.json', 'worksheet': 'Ativos', 'batch_size': 10, 'dry_run': True, 'validate_only': False, 'force': False, 'verbose': True, 'create_django_users': False, 'update_existing': False}
2025-09-01 20:04:37,543 - migration.Command - ERROR - ERRO: CPF inválido: 3937779361 | Contexto: {'Nome': 'Sandra Dias', 'CPF': '3937779361', 'Email': 'sandra_soeiro@uvanet.br'}
2025-09-01 20:04:37,567 - migration.Command - INFO - Criados 115 usuários
2025-09-01 20:04:37,567 - migration.Command - INFO - Migração concluída: {'total_records': 116, 'processed': 116, 'created': 0, 'updated': 0, 'skipped': 1, 'errors': 1, 'start_time': datetime.datetime(2025, 9, 1, 20, 4, 37, 341748), 'end_time': datetime.datetime(2025, 9, 1, 20, 4, 37, 567253)}
2025-09-01 20:05:00,900 - migration.Command - INFO - Iniciando Command
2025-09-01 20:05:00,901 - migration.Command - INFO - Opções: {'verbosity': 1, 'settings': None, 'pythonpath': None, 'traceback': False, 'no_color': False, 'force_color': False, 'skip_checks': False, 'source': 'extracted_usuarios.json', 'worksheet': 'Ativos', 'batch_size': 10, 'dry_run': False, 'validate_only': False, 'force': False, 'verbose': True, 'create_django_users': False, 'update_existing': False}
2025-09-01 20:05:01,057 - migration.Command - ERROR - ERRO: CPF inválido: 3937779361 | Contexto: {'Nome': 'Sandra Dias', 'CPF': '3937779361', 'Email': 'sandra_soeiro@uvanet.br'}
2025-09-01 20:05:01,257 - migration.Command - INFO - Criados 115 usuários
2025-09-01 20:05:01,259 - migration.Command - INFO - Migração concluída: {'total_records': 116, 'processed': 116, 'created': 115, 'updated': 0, 'skipped': 1, 'errors': 1, 'start_time': datetime.datetime(2025, 9, 1, 20, 5, 0, 900688), 'end_time': datetime.datetime(2025, 9, 1, 20, 5, 1, 259266)}
